INFO 2025-08-21 13:47:45,906 autoreload 12312 16020 Watching for file changes with StatReloader
INFO 2025-08-21 13:48:00,790 autoreload 10252 2424 Watching for file changes with StatReloader
INFO 2025-08-21 13:51:19,949 autoreload 10440 7108 Watching for file changes with StatReloader
INFO 2025-08-21 13:55:46,020 autoreload 14684 17140 Watching for file changes with StatReloader
INFO 2025-08-21 13:56:32,618 basehttp 12312 9160 "GET /admin/ HTTP/1.1" 302 0
INFO 2025-08-21 13:56:34,380 basehttp 12312 9160 "GET /admin/login/?next=/admin/ HTTP/1.1" 200 4241
INFO 2025-08-21 13:56:34,973 basehttp 12312 19432 "GET /static/admin/css/dark_mode.css HTTP/1.1" 200 2808
INFO 2025-08-21 13:56:34,980 basehttp 12312 9160 "GET /static/admin/css/base.css HTTP/1.1" 200 22120
INFO 2025-08-21 13:56:39,056 basehttp 12312 19432 "GET /static/admin/css/login.css HTTP/1.1" 200 951
INFO 2025-08-21 13:56:39,056 basehttp 12312 9160 "GET /static/admin/css/nav_sidebar.css HTTP/1.1" 200 2810
INFO 2025-08-21 13:56:40,036 basehttp 12312 9160 "GET /static/admin/css/responsive.css HTTP/1.1" 200 16565
INFO 2025-08-21 13:56:40,075 basehttp 12312 19432 "GET /static/admin/js/theme.js HTTP/1.1" 200 1653
INFO 2025-08-21 13:56:40,251 basehttp 12312 19432 "GET /static/admin/js/nav_sidebar.js HTTP/1.1" 200 3063
WARNING 2025-08-21 13:56:41,816 log 12312 19432 Not Found: /favicon.ico
WARNING 2025-08-21 13:56:41,822 basehttp 12312 19432 "GET /favicon.ico HTTP/1.1" 404 2704
INFO 2025-08-21 13:57:23,660 basehttp 12312 19432 "POST /admin/login/?next=/admin/ HTTP/1.1" 302 0
INFO 2025-08-21 13:57:23,809 basehttp 12312 19432 "GET /admin/ HTTP/1.1" 200 5624
INFO 2025-08-21 13:57:23,988 basehttp 12312 19432 "GET /static/admin/css/dashboard.css HTTP/1.1" 200 441
INFO 2025-08-21 13:57:24,125 basehttp 12312 19432 "GET /static/admin/img/icon-addlink.svg HTTP/1.1" 200 331
INFO 2025-08-21 13:57:24,125 basehttp 12312 9160 "GET /static/admin/img/icon-changelink.svg HTTP/1.1" 200 380
INFO 2025-08-21 13:58:15,188 basehttp 12312 13192 "GET /api/health/ HTTP/1.1" 200 130
WARNING 2025-08-21 13:58:15,282 log 12312 21452 Not Found: /api/auth/users/
WARNING 2025-08-21 13:58:15,288 basehttp 12312 21452 "POST /api/auth/users/ HTTP/1.1" 404 5583
WARNING 2025-08-21 13:58:15,349 log 12312 13192 Not Found: /api/auth/users/
WARNING 2025-08-21 13:58:15,350 basehttp 12312 13192 "POST /api/auth/users/ HTTP/1.1" 404 5583
WARNING 2025-08-21 13:58:15,422 log 12312 21452 Not Found: /api/equipos/
WARNING 2025-08-21 13:58:15,424 basehttp 12312 21452 "POST /api/equipos/ HTTP/1.1" 404 5574
WARNING 2025-08-21 13:58:15,479 log 12312 13192 Not Found: /api/equipos/
WARNING 2025-08-21 13:58:15,481 basehttp 12312 13192 "POST /api/equipos/ HTTP/1.1" 404 5574
WARNING 2025-08-21 13:58:15,554 log 12312 21452 Not Found: /api/proveedores/
WARNING 2025-08-21 13:58:15,561 basehttp 12312 21452 "POST /api/proveedores/ HTTP/1.1" 404 5586
WARNING 2025-08-21 13:58:15,621 log 12312 13192 Not Found: /api/proveedores/
WARNING 2025-08-21 13:58:15,668 basehttp 12312 13192 "POST /api/proveedores/ HTTP/1.1" 404 5586
WARNING 2025-08-21 13:58:15,793 log 12312 21452 Not Found: /api/calidad/no-conformidades/
WARNING 2025-08-21 13:58:15,833 basehttp 12312 21452 "POST /api/calidad/no-conformidades/ HTTP/1.1" 404 5625
WARNING 2025-08-21 13:58:15,973 log 12312 13192 Not Found: /api/calidad/no-conformidades/
WARNING 2025-08-21 13:58:16,001 basehttp 12312 13192 "POST /api/calidad/no-conformidades/ HTTP/1.1" 404 5625
WARNING 2025-08-21 13:58:16,127 log 12312 21452 Not Found: /api/ensayos/
WARNING 2025-08-21 13:58:16,128 basehttp 12312 21452 "POST /api/ensayos/ HTTP/1.1" 404 5574
WARNING 2025-08-21 13:58:16,194 log 12312 13192 Not Found: /api/ensayos/
WARNING 2025-08-21 13:58:16,195 basehttp 12312 13192 "POST /api/ensayos/ HTTP/1.1" 404 5574
INFO 2025-08-21 14:01:57,652 autoreload 12312 16020 C:\Users\Jesus Diaz\PoliLims\PoliLims\backend\polilims_backend\urls.py changed, reloading.
INFO 2025-08-21 14:01:58,122 autoreload 10252 2424 C:\Users\Jesus Diaz\PoliLims\PoliLims\backend\polilims_backend\urls.py changed, reloading.
INFO 2025-08-21 14:02:00,619 autoreload 13600 7048 Watching for file changes with StatReloader
INFO 2025-08-21 14:02:00,624 autoreload 20192 696 Watching for file changes with StatReloader
INFO 2025-08-21 15:06:34,402 autoreload 5948 18556 Watching for file changes with StatReloader
INFO 2025-08-21 15:06:44,324 basehttp 5948 15412 "GET /api/health/ HTTP/1.1" 200 130
INFO 2025-08-21 15:09:40,243 basehttp 5948 12332 "GET /api/health/ HTTP/1.1" 200 130
WARNING 2025-08-21 15:09:40,456 log 5948 12332 Forbidden: /api/auth/users/
WARNING 2025-08-21 15:09:40,458 basehttp 5948 12332 "POST /api/auth/users/ HTTP/1.1" 403 65
WARNING 2025-08-21 15:09:40,526 log 5948 12332 Forbidden: /api/auth/users/
WARNING 2025-08-21 15:09:40,527 basehttp 5948 12332 "POST /api/auth/users/ HTTP/1.1" 403 65
WARNING 2025-08-21 15:09:40,586 log 5948 12332 Forbidden: /api/equipos/
WARNING 2025-08-21 15:09:40,590 basehttp 5948 12332 "POST /api/equipos/ HTTP/1.1" 403 65
WARNING 2025-08-21 15:09:40,647 log 5948 12332 Forbidden: /api/equipos/
WARNING 2025-08-21 15:09:40,652 basehttp 5948 12332 "POST /api/equipos/ HTTP/1.1" 403 65
WARNING 2025-08-21 15:09:40,714 log 5948 12332 Forbidden: /api/proveedores/
WARNING 2025-08-21 15:09:40,715 basehttp 5948 12332 "POST /api/proveedores/ HTTP/1.1" 403 65
WARNING 2025-08-21 15:09:40,760 log 5948 12332 Forbidden: /api/proveedores/
WARNING 2025-08-21 15:09:40,762 basehttp 5948 12332 "POST /api/proveedores/ HTTP/1.1" 403 65
WARNING 2025-08-21 15:09:40,816 log 5948 12332 Forbidden: /api/calidad/no-conformidades/
WARNING 2025-08-21 15:09:40,819 basehttp 5948 12332 "POST /api/calidad/no-conformidades/ HTTP/1.1" 403 65
WARNING 2025-08-21 15:09:40,866 log 5948 12332 Forbidden: /api/calidad/no-conformidades/
WARNING 2025-08-21 15:09:40,867 basehttp 5948 12332 "POST /api/calidad/no-conformidades/ HTTP/1.1" 403 65
WARNING 2025-08-21 15:09:40,916 log 5948 12332 Forbidden: /api/ensayos/
WARNING 2025-08-21 15:09:40,919 basehttp 5948 12332 "POST /api/ensayos/ HTTP/1.1" 403 65
WARNING 2025-08-21 15:09:40,962 log 5948 12332 Forbidden: /api/ensayos/
WARNING 2025-08-21 15:09:40,963 basehttp 5948 12332 "POST /api/ensayos/ HTTP/1.1" 403 65
INFO 2025-08-21 15:10:08,299 autoreload 5948 18556 C:\Users\Jesus Diaz\PoliLims\PoliLims\backend\accounts\views.py changed, reloading.
INFO 2025-08-21 15:10:10,205 autoreload 18928 17652 Watching for file changes with StatReloader
INFO 2025-08-21 15:10:57,703 autoreload 18928 17652 C:\Users\Jesus Diaz\PoliLims\PoliLims\backend\accounts\views.py changed, reloading.
INFO 2025-08-21 15:11:00,089 autoreload 19524 11544 Watching for file changes with StatReloader
INFO 2025-08-21 15:11:28,161 autoreload 19524 11544 C:\Users\Jesus Diaz\PoliLims\PoliLims\backend\equipos\views.py changed, reloading.
INFO 2025-08-21 15:11:29,855 autoreload 21484 10468 Watching for file changes with StatReloader
INFO 2025-08-21 15:12:38,736 autoreload 21484 10468 C:\Users\Jesus Diaz\PoliLims\PoliLims\backend\proveedores\views.py changed, reloading.
INFO 2025-08-21 15:12:41,250 autoreload 16148 4904 Watching for file changes with StatReloader
INFO 2025-08-21 15:13:57,362 autoreload 16148 4904 C:\Users\Jesus Diaz\PoliLims\PoliLims\backend\calidad\views.py changed, reloading.
INFO 2025-08-21 15:14:01,667 autoreload 8448 15868 Watching for file changes with StatReloader
INFO 2025-08-21 15:14:37,388 autoreload 8448 15868 C:\Users\Jesus Diaz\PoliLims\PoliLims\backend\calidad\views.py changed, reloading.
INFO 2025-08-21 15:14:39,948 autoreload 15772 10028 Watching for file changes with StatReloader
INFO 2025-08-21 15:15:09,900 autoreload 15772 10028 C:\Users\Jesus Diaz\PoliLims\PoliLims\backend\ensayos\views.py changed, reloading.
INFO 2025-08-21 15:15:11,837 autoreload 11492 7588 Watching for file changes with StatReloader
INFO 2025-08-21 15:15:58,254 basehttp 11492 8592 "GET /api/health/ HTTP/1.1" 200 130
WARNING 2025-08-21 15:15:58,386 log 11492 8592 Forbidden: /api/auth/users/
WARNING 2025-08-21 15:15:58,391 basehttp 11492 8592 "POST /api/auth/users/ HTTP/1.1" 403 65
WARNING 2025-08-21 15:15:58,442 log 11492 8592 Forbidden: /api/auth/users/
WARNING 2025-08-21 15:15:58,444 basehttp 11492 8592 "POST /api/auth/users/ HTTP/1.1" 403 65
WARNING 2025-08-21 15:15:58,502 log 11492 8592 Forbidden: /api/equipos/
WARNING 2025-08-21 15:15:58,507 basehttp 11492 8592 "POST /api/equipos/ HTTP/1.1" 403 65
WARNING 2025-08-21 15:15:58,557 log 11492 8592 Forbidden: /api/equipos/
WARNING 2025-08-21 15:15:58,560 basehttp 11492 8592 "POST /api/equipos/ HTTP/1.1" 403 65
WARNING 2025-08-21 15:15:58,602 log 11492 8592 Forbidden: /api/proveedores/
WARNING 2025-08-21 15:15:58,607 basehttp 11492 8592 "POST /api/proveedores/ HTTP/1.1" 403 65
WARNING 2025-08-21 15:15:58,645 log 11492 8592 Forbidden: /api/proveedores/
WARNING 2025-08-21 15:15:58,646 basehttp 11492 8592 "POST /api/proveedores/ HTTP/1.1" 403 65
WARNING 2025-08-21 15:15:58,690 log 11492 8592 Forbidden: /api/calidad/no-conformidades/
WARNING 2025-08-21 15:15:58,694 basehttp 11492 8592 "POST /api/calidad/no-conformidades/ HTTP/1.1" 403 65
WARNING 2025-08-21 15:15:58,781 log 11492 8592 Forbidden: /api/calidad/no-conformidades/
WARNING 2025-08-21 15:15:58,782 basehttp 11492 8592 "POST /api/calidad/no-conformidades/ HTTP/1.1" 403 65
WARNING 2025-08-21 15:15:58,840 log 11492 8592 Forbidden: /api/ensayos/
WARNING 2025-08-21 15:15:58,843 basehttp 11492 8592 "POST /api/ensayos/ HTTP/1.1" 403 65
WARNING 2025-08-21 15:15:58,880 log 11492 8592 Forbidden: /api/ensayos/
WARNING 2025-08-21 15:15:58,881 basehttp 11492 8592 "POST /api/ensayos/ HTTP/1.1" 403 65
INFO 2025-08-21 15:17:45,534 basehttp 11492 9396 "GET /api/health/ HTTP/1.1" 200 130
WARNING 2025-08-21 15:17:45,662 log 11492 9396 Forbidden: /api/auth/users/
WARNING 2025-08-21 15:17:45,665 basehttp 11492 9396 "POST /api/auth/users/ HTTP/1.1" 403 65
WARNING 2025-08-21 15:17:45,721 log 11492 9396 Forbidden: /api/auth/users/
WARNING 2025-08-21 15:17:45,726 basehttp 11492 9396 "POST /api/auth/users/ HTTP/1.1" 403 65
WARNING 2025-08-21 15:17:45,782 log 11492 9396 Forbidden: /api/equipos/
WARNING 2025-08-21 15:17:45,784 basehttp 11492 9396 "POST /api/equipos/ HTTP/1.1" 403 65
WARNING 2025-08-21 15:17:45,839 log 11492 9396 Forbidden: /api/equipos/
WARNING 2025-08-21 15:17:45,844 basehttp 11492 9396 "POST /api/equipos/ HTTP/1.1" 403 65
WARNING 2025-08-21 15:17:45,909 log 11492 9396 Forbidden: /api/proveedores/
WARNING 2025-08-21 15:17:45,916 basehttp 11492 9396 "POST /api/proveedores/ HTTP/1.1" 403 65
WARNING 2025-08-21 15:17:45,970 log 11492 9396 Forbidden: /api/proveedores/
WARNING 2025-08-21 15:17:45,974 basehttp 11492 9396 "POST /api/proveedores/ HTTP/1.1" 403 65
WARNING 2025-08-21 15:17:46,015 log 11492 9396 Forbidden: /api/calidad/no-conformidades/
WARNING 2025-08-21 15:17:46,017 basehttp 11492 9396 "POST /api/calidad/no-conformidades/ HTTP/1.1" 403 65
WARNING 2025-08-21 15:17:46,064 log 11492 9396 Forbidden: /api/calidad/no-conformidades/
WARNING 2025-08-21 15:17:46,068 basehttp 11492 9396 "POST /api/calidad/no-conformidades/ HTTP/1.1" 403 65
WARNING 2025-08-21 15:17:46,120 log 11492 9396 Forbidden: /api/ensayos/
WARNING 2025-08-21 15:17:46,147 basehttp 11492 9396 "POST /api/ensayos/ HTTP/1.1" 403 65
WARNING 2025-08-21 15:17:46,189 log 11492 9396 Forbidden: /api/ensayos/
WARNING 2025-08-21 15:17:46,192 basehttp 11492 9396 "POST /api/ensayos/ HTTP/1.1" 403 65
INFO 2025-08-21 15:17:53,482 autoreload 12696 20796 Watching for file changes with StatReloader
INFO 2025-08-21 15:19:45,223 autoreload 21092 5296 Watching for file changes with StatReloader
INFO 2025-08-21 15:43:29,337 autoreload 11996 12468 Watching for file changes with StatReloader
INFO 2025-08-21 15:49:34,369 autoreload 8480 14532 Watching for file changes with StatReloader
INFO 2025-08-21 16:02:58,212 autoreload 13060 14052 Watching for file changes with StatReloader
INFO 2025-08-21 16:11:31,652 autoreload 16536 11692 Watching for file changes with StatReloader
INFO 2025-08-21 16:12:18,248 autoreload 10472 10952 Watching for file changes with StatReloader
INFO 2025-08-21 16:36:47,431 autoreload 20116 18808 Watching for file changes with StatReloader
INFO 2025-08-21 16:37:39,337 autoreload 15600 14972 Watching for file changes with StatReloader
INFO 2025-08-21 17:23:48,851 autoreload 10720 4280 Watching for file changes with StatReloader
INFO 2025-08-22 08:33:20,256 autoreload 13280 15264 Watching for file changes with StatReloader
INFO 2025-08-22 08:48:15,214 autoreload 18272 13092 Watching for file changes with StatReloader
INFO 2025-08-22 09:00:49,940 autoreload 14088 2800 Watching for file changes with StatReloader
INFO 2025-08-22 09:08:18,079 autoreload 15868 2148 Watching for file changes with StatReloader
INFO 2025-08-22 09:09:12,773 autoreload 17184 10248 Watching for file changes with StatReloader
INFO 2025-08-22 09:24:46,684 autoreload 4052 19484 Watching for file changes with StatReloader
